../Core/Inc/LCD_Blio.h:71:13:LCD_DATA	0	static
../Core/Inc/Utility.h:252:6:Configure_Clock	0	static
../Core/Inc/Utility.h:295:6:TIM2_Setup	0	static
../Core/Inc/Utility.h:241:6:Utility_Init	8	static
../Core/Inc/Utility.h:305:6:Delay_us	0	static
../Core/Inc/LCD_Blio.h:80:13:enable_pulse	8	static
../Core/Inc/LCD_Blio.h:89:13:LCD_CMD	8	static
../Core/Inc/LCD_Blio.h:105:13:LCD_Set_Cursor	24	static
../Core/Inc/Utility.h:312:6:Delay_ms	0	static
../Core/Inc/Utility.h:323:6:GPIO_Clock_Enable	0	static
../Core/Inc/Utility.h:329:6:GPIO_Pin_Mode	8	static
../Core/Inc/Utility.h:336:6:GPIO_Output_Type	8	static
../Core/Inc/Utility.h:343:6:GPIO_Alternate_Function	8	static
../Core/Inc/Utility.h:373:6:GPIO_Resistor_Enable	8	static
../Core/Inc/Utility.h:396:6:EXTI_Config_Helper	16	static
../Core/Inc/Utility.h:414:6:EXTI_Config3	0	static
../Core/Inc/Utility.h:420:6:EXTI_Config4	0	static
../Core/Inc/Utility.h:438:6:DAC_Init1	8	static
../Core/Inc/Utility.h:454:6:DAC_Init3	16	static
../Core/Inc/Utility.h:472:6:DAC_SetValue	0	static
../Core/Inc/Utility.h:496:6:DAC_SWTrigger	0	static
../Core/Inc/Utility.h:509:6:ADC_Init	12	static
../Core/Inc/Utility.h:546:6:ADC_SingleChannel	16	static
../Core/Inc/Utility.h:576:10:ADC_GetSingleConversion	0	static
../Core/Inc/Utility.h:589:6:ADC_MultiChannel	24	static
../Core/Inc/Utility.h:644:6:ADC_GetMultiConversions	8	static
../Core/Inc/Utility.h:664:6:USART1_Init	0	static
../Core/Inc/Utility.h:686:5:__io_putchar	0	static
../Core/Inc/Utility.h:694:5:__io_getchar	0	static
../Core/Inc/Utility.h:700:6:USART1_IRQHandler	0	static
../Core/Inc/Utility.h:709:10:Random_Number	0	static
../Core/Inc/LCD_Blio.h:97:6:LCD_Clear	8	static
../Core/Inc/LCD_Blio.h:124:6:LCD_Init	8	static
../Core/Inc/LCD_Blio.h:196:6:LCD_Write_String	24	static
../Core/Inc/LCD_Blio.h:222:6:LCD_Display_ON	8	static
../Core/Inc/LCD_Blio.h:229:6:LCD_Display_OFF	8	static
../Core/Inc/LCD_Blio.h:236:6:LCD_Cursor_ON	8	static
../Core/Inc/LCD_Blio.h:243:6:LCD_Cursor_OFF	0	static
../Core/Inc/LCD_Blio.h:250:6:LCD_Blink_ON	8	static
../Core/Inc/LCD_Blio.h:257:6:LCD_Blink_OFF	0	static
../Core/Inc/LCD_Blio.h:264:6:LCD_SHL	8	static
../Core/Inc/LCD_Blio.h:271:6:LCD_SHR	8	static
../Core/Inc/AtvvAvaliativaOne.h:13:5:rotina_de_espera	8	static
../Core/Inc/AtvvAvaliativaOne.h:29:5:distancia	24	static
../Core/Inc/AtvvAvaliativaOne.h:45:6:frequencia	24	static
../Core/Inc/AtvvAvaliativaOne.h:63:6:beep	32	static
../Core/Inc/AtvvAvaliativaOne.h:71:6:piscar_led	0	static
../Core/Inc/AtvvAvaliativaOne.h:76:6:semaforo_pedestre	24	static
../Core/Inc/AtvvAvaliativaOne.h:99:6:semaforo	16	static
../Core/Inc/AtvvAvaliativaOne.h:118:6:EXTI0_IRQHandler	8	static
../Core/Inc/AtvvAvaliativaOne.h:126:6:EXTI1_IRQHandler	8	static
../Core/Inc/AtvvAvaliativaOne.h:134:6:EXTI2_IRQHandler	0	static
../Core/Inc/AtvvAvaliativaOne.h:152:6:EXTI3_IRQHandler	0	static
../Core/Inc/AtvvAvaliativaOne.h:157:6:EXTI4_IRQHandler	8	static
../Core/Inc/AtvvAvaliativaOne.h:163:6:servomotor	24	static
../Core/Inc/AtvvAvaliativaOne.h:179:6:questao1	8	static
../Core/Inc/AtvvAvaliativaOne.h:193:6:questao3	8	static
../Core/Inc/AtvvAvaliativaOne.h:210:6:questao5	16	static
../Core/Inc/AtvvAvaliativaOne.h:228:6:questao7	16	static
../Core/Inc/AtvvAvaliativaOne.h:250:6:questao8	16	static
../Core/Inc/AtvvAvaliativaOne.h:294:6:questao9	8	static
../Core/Inc/AtvvAvaliativaOne.h:327:6:questao10	8	static,ignoring_inline_asm
../Core/Inc/AtvvAvaliativaOne.h:362:6:questao11	88	static
../Core/Inc/AtvvAvaliativaOne.h:408:6:questao12	8	static
../Core/Inc/AtvvAvaliativaOne.h:435:6:questao13	16	static
../Core/Inc/AtvvAvaliativaOne.h:460:6:questao15	16	static,ignoring_inline_asm
../Core/Inc/AtvvAvaliativaOne.h:477:6:questao16	8	static
../Core/Inc/AtvvAvaliativaOne.h:500:6:questao17	8	static,ignoring_inline_asm
../Core/Inc/AtvvAvaliativaOne.h:532:6:questao19	152	static
../Core/Inc/AtvvAvaliativaOne.h:749:6:questao20	8	static
../Core/Inc/BibUSTM32.h:8:6:escalaMusical	8	static
../Core/Inc/BibUSTM32.h:30:6:servo	24	static
../Core/Inc/BibUSTM32.h:47:6:PWM_LED	24	static
../Core/Inc/BibUSTM32.h:78:6:interrupcao	16	static
../Core/Src/main.c:62:6:aula_09_09	16	static,ignoring_inline_asm
../Core/Src/main.c:93:6:aula_11_09	16	static,ignoring_inline_asm
../Core/Src/main.c:129:6:rotina	8	static
../Core/Src/main.c:138:6:rotina_secundaria	8	static
../Core/Src/main.c:148:6:mudar_prioridade	16	static
../Core/Src/main.c:233:6:SystemClock_Config	96	static,ignoring_inline_asm
../Core/Src/main.c:179:5:main	16	static
../Core/Src/main.c:301:6:Error_Handler	0	static,ignoring_inline_asm
