../Core/Inc/Utility.h:252:6:Configure_Clock	0	static
../Core/Inc/Utility.h:295:6:TIM2_Setup	0	static
../Core/Inc/Utility.h:241:6:Utility_Init	8	static
../Core/Inc/Utility.h:305:6:Delay_us	0	static
../Core/Inc/Utility.h:312:6:Delay_ms	0	static
../Core/Inc/Utility.h:323:6:GPIO_Clock_Enable	0	static
../Core/Inc/Utility.h:329:6:GPIO_Pin_Mode	8	static
../Core/Inc/Utility.h:336:6:GPIO_Output_Type	8	static
../Core/Inc/Utility.h:343:6:GPIO_Alternate_Function	8	static
../Core/Inc/Utility.h:373:6:GPIO_Resistor_Enable	8	static
../Core/Inc/Utility.h:396:6:EXTI_Config_Helper	16	static
../Core/Inc/Utility.h:414:6:EXTI_Config3	0	static
../Core/Inc/Utility.h:420:6:EXTI_Config4	0	static
../Core/Inc/Utility.h:438:6:DAC_Init1	8	static
../Core/Inc/Utility.h:454:6:DAC_Init3	16	static
../Core/Inc/Utility.h:472:6:DAC_SetValue	0	static
../Core/Inc/Utility.h:496:6:DAC_SWTrigger	0	static
../Core/Inc/Utility.h:509:6:ADC_Init	12	static
../Core/Inc/Utility.h:546:6:ADC_SingleChannel	16	static
../Core/Inc/Utility.h:576:10:ADC_GetSingleConversion	0	static
../Core/Inc/Utility.h:589:6:ADC_MultiChannel	24	static
../Core/Inc/Utility.h:644:6:ADC_GetMultiConversions	8	static
../Core/Inc/Utility.h:664:6:USART1_Init	0	static
../Core/Inc/Utility.h:686:5:__io_putchar	0	static
../Core/Inc/Utility.h:694:5:__io_getchar	0	static
../Core/Inc/Utility.h:700:6:USART1_IRQHandler	0	static
../Core/Inc/Utility.h:709:10:Random_Number	0	static
../Core/Inc/AtvvAvaliativaOne.h:12:6:frequencia	24	static
../Core/Inc/AtvvAvaliativaOne.h:30:6:beep	32	static
../Core/Inc/AtvvAvaliativaOne.h:38:6:piscar_led	0	static
../Core/Inc/AtvvAvaliativaOne.h:43:6:semaforo	16	static
../Core/Inc/AtvvAvaliativaOne.h:52:6:semaforo_pedestre	16	static
../Core/Inc/AtvvAvaliativaOne.h:66:6:EXTI0_IRQHandler	8	static
../Core/Inc/AtvvAvaliativaOne.h:74:6:EXTI1_IRQHandler	8	static
../Core/Inc/AtvvAvaliativaOne.h:84:6:EXTI2_IRQHandler	0	static
../Core/Inc/AtvvAvaliativaOne.h:102:6:EXTI3_IRQHandler	0	static
../Core/Inc/AtvvAvaliativaOne.h:107:6:servomotor	24	static
../Core/Inc/AtvvAvaliativaOne.h:128:6:questao1	8	static
../Core/Inc/AtvvAvaliativaOne.h:143:6:questao3	8	static
../Core/Inc/AtvvAvaliativaOne.h:160:6:questao5	16	static
../Core/Inc/AtvvAvaliativaOne.h:178:6:questao7	16	static
../Core/Inc/AtvvAvaliativaOne.h:200:6:questao8	16	static
../Core/Inc/AtvvAvaliativaOne.h:244:6:questao9	8	static
../Core/Inc/AtvvAvaliativaOne.h:277:6:questao10	16	static,ignoring_inline_asm
../Core/Inc/AtvvAvaliativaOne.h:309:6:questao11	80	static
../Core/Inc/AtvvAvaliativaOne.h:347:6:questao13	16	static
../Core/Inc/AtvvAvaliativaOne.h:373:6:questao15	8	static
../Core/Inc/AtvvAvaliativaOne.h:399:6:questao17	8	static,ignoring_inline_asm
../Core/Inc/AtvvAvaliativaOne.h:431:6:questao19	88	static
../Core/Inc/BibUSTM32.h:8:6:escalaMusical	8	static
../Core/Inc/BibUSTM32.h:30:6:servo	24	static
../Core/Inc/BibUSTM32.h:47:6:PWM_LED	24	static
../Core/Inc/BibUSTM32.h:78:6:interrupcao	16	static,ignoring_inline_asm
../Core/Inc/BibUSTM32.h:110:6:EXTI4_IRQHandler	0	static
../Core/Src/main.c:62:6:aula_09_09	16	static,ignoring_inline_asm
../Core/Src/main.c:93:6:aula_11_09	16	static,ignoring_inline_asm
../Core/Src/main.c:129:6:rotina	8	static
../Core/Src/main.c:138:6:rotina_secundaria	8	static
../Core/Src/main.c:148:6:mudar_prioridade	16	static
../Core/Src/main.c:233:6:SystemClock_Config	96	static,ignoring_inline_asm
../Core/Src/main.c:179:5:main	16	static
../Core/Src/main.c:301:6:Error_Handler	0	static,ignoring_inline_asm
