../Core/Inc/LCD_Blio.h:71:13:LCD_DATA	5
../Core/Inc/Utility.h:252:6:Configure_Clock	4
../Core/Inc/Utility.h:295:6:TIM2_Setup	1
../Core/Inc/Utility.h:241:6:Utility_Init	1
../Core/Inc/Utility.h:305:6:Delay_us	2
../Core/Inc/LCD_Blio.h:80:13:enable_pulse	1
../Core/Inc/LCD_Blio.h:89:13:LCD_CMD	1
../Core/Inc/LCD_Blio.h:105:13:LCD_Set_Cursor	1
../Core/Inc/Utility.h:312:6:Delay_ms	2
../Core/Inc/Utility.h:323:6:GPIO_Clock_Enable	1
../Core/Inc/Utility.h:329:6:GPIO_Pin_Mode	1
../Core/Inc/Utility.h:336:6:GPIO_Output_Type	1
../Core/Inc/Utility.h:343:6:GPIO_Alternate_Function	1
../Core/Inc/Utility.h:373:6:GPIO_Resistor_Enable	1
../Core/Inc/Utility.h:396:6:EXTI_Config_Helper	5
../Core/Inc/Utility.h:414:6:EXTI_Config3	1
../Core/Inc/Utility.h:420:6:EXTI_Config4	1
../Core/Inc/Utility.h:438:6:DAC_Init1	1
../Core/Inc/Utility.h:454:6:DAC_Init3	1
../Core/Inc/Utility.h:472:6:DAC_SetValue	5
../Core/Inc/Utility.h:496:6:DAC_SWTrigger	1
../Core/Inc/Utility.h:509:6:ADC_Init	2
../Core/Inc/Utility.h:546:6:ADC_SingleChannel	4
../Core/Inc/Utility.h:576:10:ADC_GetSingleConversion	2
../Core/Inc/Utility.h:589:6:ADC_MultiChannel	8
../Core/Inc/Utility.h:644:6:ADC_GetMultiConversions	3
../Core/Inc/Utility.h:664:6:USART1_Init	1
../Core/Inc/Utility.h:686:5:__io_putchar	2
../Core/Inc/Utility.h:694:5:__io_getchar	1
../Core/Inc/Utility.h:700:6:USART1_IRQHandler	1
../Core/Inc/Utility.h:709:10:Random_Number	3
../Core/Inc/LCD_Blio.h:97:6:LCD_Clear	1
../Core/Inc/LCD_Blio.h:124:6:LCD_Init	1
../Core/Inc/LCD_Blio.h:196:6:LCD_Write_String	4
../Core/Inc/LCD_Blio.h:222:6:LCD_Display_ON	1
../Core/Inc/LCD_Blio.h:229:6:LCD_Display_OFF	1
../Core/Inc/LCD_Blio.h:236:6:LCD_Cursor_ON	1
../Core/Inc/LCD_Blio.h:243:6:LCD_Cursor_OFF	1
../Core/Inc/LCD_Blio.h:250:6:LCD_Blink_ON	1
../Core/Inc/LCD_Blio.h:257:6:LCD_Blink_OFF	1
../Core/Inc/LCD_Blio.h:264:6:LCD_SHL	1
../Core/Inc/LCD_Blio.h:271:6:LCD_SHR	1
../Core/Inc/AtvvAvaliativaOne.h:13:5:rotina_de_espera	3
../Core/Inc/AtvvAvaliativaOne.h:29:5:distancia	4
../Core/Inc/AtvvAvaliativaOne.h:45:6:frequencia	2
../Core/Inc/AtvvAvaliativaOne.h:63:6:beep	2
../Core/Inc/AtvvAvaliativaOne.h:71:6:piscar_led	1
../Core/Inc/AtvvAvaliativaOne.h:76:6:semaforo_pedestre	2
../Core/Inc/AtvvAvaliativaOne.h:99:6:semaforo	5
../Core/Inc/AtvvAvaliativaOne.h:118:6:EXTI0_IRQHandler	2
../Core/Inc/AtvvAvaliativaOne.h:126:6:EXTI1_IRQHandler	2
../Core/Inc/AtvvAvaliativaOne.h:134:6:EXTI2_IRQHandler	3
../Core/Inc/AtvvAvaliativaOne.h:152:6:EXTI3_IRQHandler	1
../Core/Inc/AtvvAvaliativaOne.h:157:6:EXTI4_IRQHandler	1
../Core/Inc/AtvvAvaliativaOne.h:163:6:servomotor	2
../Core/Inc/AtvvAvaliativaOne.h:179:6:questao1	1
../Core/Inc/AtvvAvaliativaOne.h:193:6:questao3	2
../Core/Inc/AtvvAvaliativaOne.h:210:6:questao5	2
../Core/Inc/AtvvAvaliativaOne.h:228:6:questao7	2
../Core/Inc/AtvvAvaliativaOne.h:250:6:questao8	3
../Core/Inc/AtvvAvaliativaOne.h:294:6:questao9	1
../Core/Inc/AtvvAvaliativaOne.h:327:6:questao10	2
../Core/Inc/AtvvAvaliativaOne.h:362:6:questao11	3
../Core/Inc/AtvvAvaliativaOne.h:408:6:questao12	0
../Core/Inc/AtvvAvaliativaOne.h:435:6:questao13	3
../Core/Inc/AtvvAvaliativaOne.h:460:6:questao15	1
../Core/Inc/AtvvAvaliativaOne.h:477:6:questao16	3
../Core/Inc/AtvvAvaliativaOne.h:500:6:questao17	1
../Core/Inc/AtvvAvaliativaOne.h:532:6:questao19	9
../Core/Inc/AtvvAvaliativaOne.h:749:6:questao20	3
../Core/Inc/BibUSTM32.h:8:6:escalaMusical	1
../Core/Inc/BibUSTM32.h:30:6:servo	2
../Core/Inc/BibUSTM32.h:47:6:PWM_LED	3
../Core/Inc/BibUSTM32.h:78:6:interrupcao	1
../Core/Src/main.c:62:6:aula_09_09	1
../Core/Src/main.c:93:6:aula_11_09	1
../Core/Src/main.c:129:6:rotina	2
../Core/Src/main.c:138:6:rotina_secundaria	2
../Core/Src/main.c:148:6:mudar_prioridade	2
../Core/Src/main.c:233:6:SystemClock_Config	3
../Core/Src/main.c:179:5:main	0
../Core/Src/main.c:301:6:Error_Handler	1
