../Core/Inc/Utility.h:252:6:Configure_Clock	4
../Core/Inc/Utility.h:295:6:TIM2_Setup	1
../Core/Inc/Utility.h:241:6:Utility_Init	1
../Core/Inc/Utility.h:305:6:Delay_us	2
../Core/Inc/Utility.h:312:6:Delay_ms	2
../Core/Inc/Utility.h:323:6:GPIO_Clock_Enable	1
../Core/Inc/Utility.h:329:6:GPIO_Pin_Mode	1
../Core/Inc/Utility.h:336:6:GPIO_Output_Type	1
../Core/Inc/Utility.h:343:6:GPIO_Alternate_Function	1
../Core/Inc/Utility.h:373:6:GPIO_Resistor_Enable	1
../Core/Inc/Utility.h:396:6:EXTI_Config_Helper	5
../Core/Inc/Utility.h:414:6:EXTI_Config3	1
../Core/Inc/Utility.h:420:6:EXTI_Config4	1
../Core/Inc/Utility.h:438:6:DAC_Init1	1
../Core/Inc/Utility.h:454:6:DAC_Init3	1
../Core/Inc/Utility.h:472:6:DAC_SetValue	5
../Core/Inc/Utility.h:496:6:DAC_SWTrigger	1
../Core/Inc/Utility.h:509:6:ADC_Init	2
../Core/Inc/Utility.h:546:6:ADC_SingleChannel	4
../Core/Inc/Utility.h:576:10:ADC_GetSingleConversion	2
../Core/Inc/Utility.h:589:6:ADC_MultiChannel	8
../Core/Inc/Utility.h:644:6:ADC_GetMultiConversions	3
../Core/Inc/Utility.h:664:6:USART1_Init	1
../Core/Inc/Utility.h:686:5:__io_putchar	2
../Core/Inc/Utility.h:694:5:__io_getchar	1
../Core/Inc/Utility.h:700:6:USART1_IRQHandler	1
../Core/Inc/Utility.h:709:10:Random_Number	3
../Core/Inc/AtvvAvaliativaOne.h:12:6:frequencia	2
../Core/Inc/AtvvAvaliativaOne.h:30:6:beep	2
../Core/Inc/AtvvAvaliativaOne.h:38:6:piscar_led	1
../Core/Inc/AtvvAvaliativaOne.h:43:6:semaforo	4
../Core/Inc/AtvvAvaliativaOne.h:52:6:semaforo_pedestre	2
../Core/Inc/AtvvAvaliativaOne.h:66:6:EXTI0_IRQHandler	2
../Core/Inc/AtvvAvaliativaOne.h:74:6:EXTI1_IRQHandler	2
../Core/Inc/AtvvAvaliativaOne.h:84:6:EXTI2_IRQHandler	3
../Core/Inc/AtvvAvaliativaOne.h:102:6:EXTI3_IRQHandler	1
../Core/Inc/AtvvAvaliativaOne.h:107:6:servomotor	2
../Core/Inc/AtvvAvaliativaOne.h:128:6:questao1	1
../Core/Inc/AtvvAvaliativaOne.h:143:6:questao3	2
../Core/Inc/AtvvAvaliativaOne.h:160:6:questao5	2
../Core/Inc/AtvvAvaliativaOne.h:178:6:questao7	2
../Core/Inc/AtvvAvaliativaOne.h:200:6:questao8	3
../Core/Inc/AtvvAvaliativaOne.h:244:6:questao9	1
../Core/Inc/AtvvAvaliativaOne.h:277:6:questao10	3
../Core/Inc/AtvvAvaliativaOne.h:309:6:questao11	2
../Core/Inc/AtvvAvaliativaOne.h:347:6:questao13	3
../Core/Inc/AtvvAvaliativaOne.h:373:6:questao15	4
../Core/Inc/AtvvAvaliativaOne.h:399:6:questao17	1
../Core/Inc/AtvvAvaliativaOne.h:431:6:questao19	10
../Core/Inc/BibUSTM32.h:8:6:escalaMusical	1
../Core/Inc/BibUSTM32.h:30:6:servo	2
../Core/Inc/BibUSTM32.h:47:6:PWM_LED	3
../Core/Inc/BibUSTM32.h:78:6:interrupcao	1
../Core/Inc/BibUSTM32.h:110:6:EXTI4_IRQHandler	1
../Core/Src/main.c:62:6:aula_09_09	1
../Core/Src/main.c:93:6:aula_11_09	1
../Core/Src/main.c:129:6:rotina	2
../Core/Src/main.c:138:6:rotina_secundaria	2
../Core/Src/main.c:148:6:mudar_prioridade	2
../Core/Src/main.c:233:6:SystemClock_Config	3
../Core/Src/main.c:179:5:main	0
../Core/Src/main.c:301:6:Error_Handler	1
