../Drivers/CMSIS/Include/core_cm4.h:1653:22:__NVIC_SetPriorityGrouping	24	static
../Drivers/CMSIS/Include/core_cm4.h:1684:22:__NVIC_EnableIRQ	16	static,ignoring_inline_asm
../Drivers/CMSIS/Include/core_cm4.h:1814:22:__NVIC_SetPriority	16	static
../Core/Inc/Utility.h:241:6:Utility_Init	8	static
../Core/Inc/Utility.h:252:6:Configure_Clock	8	static
../Core/Inc/Utility.h:295:6:TIM2_Setup	4	static
../Core/Inc/Utility.h:305:6:Delay_us	16	static
../Core/Inc/Utility.h:312:6:Delay_ms	24	static
../Core/Inc/Utility.h:323:6:GPIO_Clock_Enable	16	static
../Core/Inc/Utility.h:329:6:GPIO_Pin_Mode	16	static
../Core/Inc/Utility.h:336:6:GPIO_Output_Type	16	static
../Core/Inc/Utility.h:343:6:GPIO_Alternate_Function	16	static
../Core/Inc/Utility.h:350:20:GPIO_Write_Pin	16	static
../Core/Inc/Utility.h:361:20:GPIO_Toggle_Pin	16	static
../Core/Inc/Utility.h:373:6:GPIO_Resistor_Enable	16	static
../Core/Inc/Utility.h:396:6:EXTI_Config_Helper	24	static
../Core/Inc/Utility.h:414:6:EXTI_Config3	16	static
../Core/Inc/Utility.h:420:6:EXTI_Config4	16	static
../Core/Inc/Utility.h:426:20:EXTI_Clear_Pending	16	static
../Core/Inc/Utility.h:438:6:DAC_Init1	16	static
../Core/Inc/Utility.h:454:6:DAC_Init3	16	static
../Core/Inc/Utility.h:472:6:DAC_SetValue	16	static
../Core/Inc/Utility.h:496:6:DAC_SWTrigger	16	static
../Core/Inc/Utility.h:509:6:ADC_Init	16	static
../Core/Inc/Utility.h:546:6:ADC_SingleChannel	16	static
../Core/Inc/Utility.h:576:10:ADC_GetSingleConversion	16	static
../Core/Inc/Utility.h:589:6:ADC_MultiChannel	40	static
../Core/Inc/Utility.h:644:6:ADC_GetMultiConversions	32	static
../Core/Inc/Utility.h:664:6:USART1_Init	4	static
../Core/Inc/Utility.h:686:5:__io_putchar	16	static
../Core/Inc/Utility.h:694:5:__io_getchar	4	static
../Core/Inc/Utility.h:700:6:USART1_IRQHandler	8	static
../Core/Inc/Utility.h:709:10:Random_Number	4	static
../Core/Inc/AtvvAvaliativaOne.h:7:6:questao1	8	static
../Core/Inc/AtvvAvaliativaOne.h:22:6:questao3	16	static
../Core/Inc/AtvvAvaliativaOne.h:39:6:questao5	16	static
../Core/Inc/AtvvAvaliativaOne.h:57:6:questao7	16	static
../Core/Inc/AtvvAvaliativaOne.h:79:6:questao9	16	static
../Core/Inc/AtvvAvaliativaOne.h:122:6:questao11	88	static
../Core/Inc/AtvvAvaliativaOne.h:160:6:comp	32	static
../Core/Inc/AtvvAvaliativaOne.h:176:6:questao13	8	static
../Core/Inc/AtvvAvaliativaOne.h:190:6:questao15	16	static
../Core/Inc/BibUSTM32.h:8:6:frequencia	40	static
../Core/Inc/BibUSTM32.h:26:6:escalaMusical	16	static
../Core/Inc/BibUSTM32.h:48:6:servo	32	static
../Core/Inc/BibUSTM32.h:65:6:PWM_LED	24	static
../Core/Inc/BibUSTM32.h:96:6:interrupcao	8	static
../Core/Inc/BibUSTM32.h:129:6:EXTI3_IRQHandler	8	static
../Core/Inc/BibUSTM32.h:134:6:EXTI4_IRQHandler	8	static
../Core/Src/main.c:62:6:aula_09_09	8	static
../Core/Src/main.c:93:6:aula_11_09	8	static
../Core/Src/main.c:129:6:rotina	16	static
../Core/Src/main.c:138:6:rotina_secundaria	16	static
../Core/Src/main.c:148:6:mudar_prioridade	8	static
../Core/Src/main.c:179:5:main	8	static
../Core/Src/main.c:233:6:SystemClock_Config	88	static
../Core/Src/main.c:279:13:MX_GPIO_Init	16	static
../Core/Src/main.c:301:6:Error_Handler	4	static,ignoring_inline_asm
