../Drivers/CMSIS/Include/core_cm4.h:1653:22:__NVIC_SetPriorityGrouping	1
../Drivers/CMSIS/Include/core_cm4.h:1684:22:__NVIC_EnableIRQ	2
../Drivers/CMSIS/Include/core_cm4.h:1814:22:__NVIC_SetPriority	2
../Core/Inc/Utility.h:241:6:Utility_Init	1
../Core/Inc/Utility.h:252:6:Configure_Clock	4
../Core/Inc/Utility.h:295:6:TIM2_Setup	1
../Core/Inc/Utility.h:305:6:Delay_us	2
../Core/Inc/Utility.h:312:6:Delay_ms	2
../Core/Inc/Utility.h:323:6:GPIO_Clock_Enable	1
../Core/Inc/Utility.h:329:6:GPIO_Pin_Mode	1
../Core/Inc/Utility.h:336:6:GPIO_Output_Type	1
../Core/Inc/Utility.h:343:6:GPIO_Alternate_Function	1
../Core/Inc/Utility.h:350:20:GPIO_Write_Pin	2
../Core/Inc/Utility.h:361:20:GPIO_Toggle_Pin	1
../Core/Inc/Utility.h:373:6:GPIO_Resistor_Enable	1
../Core/Inc/Utility.h:380:23:GPIO_Read_Pin	1
../Core/Inc/Utility.h:386:24:GPIO_Read_Port	1
../Core/Inc/Utility.h:396:6:EXTI_Config_Helper	5
../Core/Inc/Utility.h:414:6:EXTI_Config3	1
../Core/Inc/Utility.h:420:6:EXTI_Config4	1
../Core/Inc/Utility.h:426:20:EXTI_Clear_Pending	1
../Core/Inc/Utility.h:438:6:DAC_Init1	1
../Core/Inc/Utility.h:454:6:DAC_Init3	1
../Core/Inc/Utility.h:472:6:DAC_SetValue	5
../Core/Inc/Utility.h:496:6:DAC_SWTrigger	1
../Core/Inc/Utility.h:509:6:ADC_Init	2
../Core/Inc/Utility.h:546:6:ADC_SingleChannel	6
../Core/Inc/Utility.h:576:10:ADC_GetSingleConversion	2
../Core/Inc/Utility.h:589:6:ADC_MultiChannel	10
../Core/Inc/Utility.h:644:6:ADC_GetMultiConversions	3
../Core/Inc/Utility.h:664:6:USART1_Init	1
../Core/Inc/Utility.h:686:5:__io_putchar	2
../Core/Inc/Utility.h:694:5:__io_getchar	1
../Core/Inc/Utility.h:700:6:USART1_IRQHandler	1
../Core/Inc/Utility.h:709:10:Random_Number	3
../Core/Inc/LCD_Blio.h:71:13:LCD_DATA	5
../Core/Inc/LCD_Blio.h:80:13:enable_pulse	1
../Core/Inc/LCD_Blio.h:89:13:LCD_CMD	1
../Core/Inc/LCD_Blio.h:97:6:LCD_Clear	1
../Core/Inc/LCD_Blio.h:105:13:LCD_Set_Cursor	1
../Core/Inc/LCD_Blio.h:124:6:LCD_Init	1
../Core/Inc/LCD_Blio.h:180:13:LCD_Write_Char	1
../Core/Inc/LCD_Blio.h:196:6:LCD_Write_String	4
../Core/Inc/LCD_Blio.h:222:6:LCD_Display_ON	1
../Core/Inc/LCD_Blio.h:229:6:LCD_Display_OFF	1
../Core/Inc/LCD_Blio.h:236:6:LCD_Cursor_ON	1
../Core/Inc/LCD_Blio.h:243:6:LCD_Cursor_OFF	1
../Core/Inc/LCD_Blio.h:250:6:LCD_Blink_ON	1
../Core/Inc/LCD_Blio.h:257:6:LCD_Blink_OFF	1
../Core/Inc/LCD_Blio.h:264:6:LCD_SHL	1
../Core/Inc/LCD_Blio.h:271:6:LCD_SHR	1
../Core/Inc/AtvvAvaliativaOne.h:13:5:rotina_de_espera	3
../Core/Inc/AtvvAvaliativaOne.h:29:6:frequencia	2
../Core/Inc/AtvvAvaliativaOne.h:47:6:beep	2
../Core/Inc/AtvvAvaliativaOne.h:55:6:piscar_led	1
../Core/Inc/AtvvAvaliativaOne.h:60:6:semaforo_pedestre	2
../Core/Inc/AtvvAvaliativaOne.h:83:6:semaforo	6
../Core/Inc/AtvvAvaliativaOne.h:102:6:EXTI0_IRQHandler	2
../Core/Inc/AtvvAvaliativaOne.h:110:6:EXTI1_IRQHandler	2
../Core/Inc/AtvvAvaliativaOne.h:118:6:EXTI2_IRQHandler	3
../Core/Inc/AtvvAvaliativaOne.h:136:6:EXTI3_IRQHandler	1
../Core/Inc/AtvvAvaliativaOne.h:141:6:EXTI4_IRQHandler	1
../Core/Inc/AtvvAvaliativaOne.h:147:6:servomotor	2
../Core/Inc/AtvvAvaliativaOne.h:163:6:questao1	1
../Core/Inc/AtvvAvaliativaOne.h:177:6:questao3	2
../Core/Inc/AtvvAvaliativaOne.h:194:6:questao5	2
../Core/Inc/AtvvAvaliativaOne.h:212:6:questao7	2
../Core/Inc/AtvvAvaliativaOne.h:234:6:questao8	3
../Core/Inc/AtvvAvaliativaOne.h:278:6:questao9	1
../Core/Inc/AtvvAvaliativaOne.h:311:6:questao10	2
../Core/Inc/AtvvAvaliativaOne.h:346:6:questao11	3
../Core/Inc/AtvvAvaliativaOne.h:392:6:questao12	2
../Core/Inc/AtvvAvaliativaOne.h:444:6:questao13	3
../Core/Inc/AtvvAvaliativaOne.h:469:6:questao15	1
../Core/Inc/AtvvAvaliativaOne.h:486:6:questao16	3
../Core/Inc/AtvvAvaliativaOne.h:510:6:questao17	1
../Core/Inc/AtvvAvaliativaOne.h:542:6:questao19	9
../Core/Inc/BibUSTM32.h:8:6:escalaMusical	1
../Core/Inc/BibUSTM32.h:30:6:servo	2
../Core/Inc/BibUSTM32.h:47:6:PWM_LED	5
../Core/Inc/BibUSTM32.h:78:6:interrupcao	1
../Core/Src/main.c:62:6:aula_09_09	1
../Core/Src/main.c:93:6:aula_11_09	1
../Core/Src/main.c:129:6:rotina	2
../Core/Src/main.c:138:6:rotina_secundaria	2
../Core/Src/main.c:148:6:mudar_prioridade	2
../Core/Src/main.c:179:5:main	1
../Core/Src/main.c:233:6:SystemClock_Config	3
../Core/Src/main.c:279:13:MX_GPIO_Init	1
../Core/Src/main.c:301:6:Error_Handler	1
