../Drivers/CMSIS/Include/core_cm4.h:1653:22:__NVIC_SetPriorityGrouping	24	static
../Drivers/CMSIS/Include/core_cm4.h:1684:22:__NVIC_EnableIRQ	16	static,ignoring_inline_asm
../Drivers/CMSIS/Include/core_cm4.h:1814:22:__NVIC_SetPriority	16	static
../Core/Inc/Utility.h:241:6:Utility_Init	8	static
../Core/Inc/Utility.h:252:6:Configure_Clock	8	static
../Core/Inc/Utility.h:295:6:TIM2_Setup	4	static
../Core/Inc/Utility.h:305:6:Delay_us	16	static
../Core/Inc/Utility.h:312:6:Delay_ms	24	static
../Core/Inc/Utility.h:323:6:GPIO_Clock_Enable	16	static
../Core/Inc/Utility.h:329:6:GPIO_Pin_Mode	16	static
../Core/Inc/Utility.h:336:6:GPIO_Output_Type	16	static
../Core/Inc/Utility.h:343:6:GPIO_Alternate_Function	16	static
../Core/Inc/Utility.h:350:20:GPIO_Write_Pin	16	static
../Core/Inc/Utility.h:361:20:GPIO_Toggle_Pin	16	static
../Core/Inc/Utility.h:373:6:GPIO_Resistor_Enable	16	static
../Core/Inc/Utility.h:396:6:EXTI_Config_Helper	24	static
../Core/Inc/Utility.h:414:6:EXTI_Config3	16	static
../Core/Inc/Utility.h:420:6:EXTI_Config4	16	static
../Core/Inc/Utility.h:426:20:EXTI_Clear_Pending	16	static
../Core/Inc/Utility.h:438:6:DAC_Init1	16	static
../Core/Inc/Utility.h:454:6:DAC_Init3	16	static
../Core/Inc/Utility.h:472:6:DAC_SetValue	16	static
../Core/Inc/Utility.h:496:6:DAC_SWTrigger	16	static
../Core/Inc/Utility.h:509:6:ADC_Init	16	static
../Core/Inc/Utility.h:546:6:ADC_SingleChannel	16	static
../Core/Inc/Utility.h:576:10:ADC_GetSingleConversion	16	static
../Core/Inc/Utility.h:589:6:ADC_MultiChannel	40	static
../Core/Inc/Utility.h:644:6:ADC_GetMultiConversions	32	static
../Core/Inc/Utility.h:664:6:USART1_Init	4	static
../Core/Inc/Utility.h:686:5:__io_putchar	16	static
../Core/Inc/Utility.h:694:5:__io_getchar	4	static
../Core/Inc/Utility.h:700:6:USART1_IRQHandler	8	static
../Core/Inc/Utility.h:709:10:Random_Number	4	static
../Core/Src/main.c:60:6:aula_09_09	8	static
../Core/Src/main.c:94:6:aula_11_09	8	static
../Core/Src/main.c:133:6:questao1	8	static
../Core/Src/main.c:143:6:questao3	16	static
../Core/Src/main.c:155:6:questao5	16	static
../Core/Src/main.c:161:6:questao7	16	static
../Core/Src/main.c:167:6:questao9	16	static
../Core/Src/main.c:200:6:questao11	4	static
../Core/Src/main.c:204:6:rotina	16	static
../Core/Src/main.c:213:6:rotina_secundaria	16	static
../Core/Src/main.c:223:6:mudar_prioridade	8	static
../Core/Src/main.c:243:6:EXTI3_IRQHandler	8	static
../Core/Src/main.c:248:6:EXTI4_IRQHandler	8	static
../Core/Src/main.c:254:6:EXTI0_IRQHandler	8	static
../Core/Src/main.c:260:6:PWM_LED	24	static
../Core/Src/main.c:297:5:main	8	static
../Core/Src/main.c:351:6:SystemClock_Config	88	static
../Core/Src/main.c:397:13:MX_GPIO_Init	16	static
../Core/Src/main.c:419:6:Error_Handler	4	static,ignoring_inline_asm
