../Drivers/CMSIS/Include/core_cm4.h:1653:22:__NVIC_SetPriorityGrouping	24	static
../Drivers/CMSIS/Include/core_cm4.h:1684:22:__NVIC_EnableIRQ	16	static,ignoring_inline_asm
../Drivers/CMSIS/Include/core_cm4.h:1814:22:__NVIC_SetPriority	16	static
../Core/Inc/Utility.h:241:6:Utility_Init	8	static
../Core/Inc/Utility.h:252:6:Configure_Clock	8	static
../Core/Inc/Utility.h:295:6:TIM2_Setup	4	static
../Core/Inc/Utility.h:305:6:Delay_us	16	static
../Core/Inc/Utility.h:312:6:Delay_ms	24	static
../Core/Inc/Utility.h:323:6:GPIO_Clock_Enable	16	static
../Core/Inc/Utility.h:329:6:GPIO_Pin_Mode	16	static
../Core/Inc/Utility.h:336:6:GPIO_Output_Type	16	static
../Core/Inc/Utility.h:343:6:GPIO_Alternate_Function	16	static
../Core/Inc/Utility.h:350:20:GPIO_Write_Pin	16	static
../Core/Inc/Utility.h:361:20:GPIO_Toggle_Pin	16	static
../Core/Inc/Utility.h:373:6:GPIO_Resistor_Enable	16	static
../Core/Inc/Utility.h:380:23:GPIO_Read_Pin	16	static
../Core/Inc/Utility.h:396:6:EXTI_Config_Helper	24	static
../Core/Inc/Utility.h:414:6:EXTI_Config3	16	static
../Core/Inc/Utility.h:420:6:EXTI_Config4	16	static
../Core/Inc/Utility.h:426:20:EXTI_Clear_Pending	16	static
../Core/Inc/Utility.h:438:6:DAC_Init1	16	static
../Core/Inc/Utility.h:454:6:DAC_Init3	16	static
../Core/Inc/Utility.h:472:6:DAC_SetValue	16	static
../Core/Inc/Utility.h:496:6:DAC_SWTrigger	16	static
../Core/Inc/Utility.h:509:6:ADC_Init	16	static
../Core/Inc/Utility.h:546:6:ADC_SingleChannel	16	static
../Core/Inc/Utility.h:576:10:ADC_GetSingleConversion	16	static
../Core/Inc/Utility.h:589:6:ADC_MultiChannel	40	static
../Core/Inc/Utility.h:644:6:ADC_GetMultiConversions	32	static
../Core/Inc/Utility.h:664:6:USART1_Init	4	static
../Core/Inc/Utility.h:686:5:__io_putchar	16	static
../Core/Inc/Utility.h:694:5:__io_getchar	4	static
../Core/Inc/Utility.h:700:6:USART1_IRQHandler	8	static
../Core/Inc/Utility.h:709:10:Random_Number	4	static
../Core/Inc/LCD_Blio.h:71:13:LCD_DATA	16	static
../Core/Inc/LCD_Blio.h:80:13:enable_pulse	8	static
../Core/Inc/LCD_Blio.h:89:13:LCD_CMD	16	static
../Core/Inc/LCD_Blio.h:97:6:LCD_Clear	8	static
../Core/Inc/LCD_Blio.h:105:13:LCD_Set_Cursor	24	static
../Core/Inc/LCD_Blio.h:124:6:LCD_Init	16	static
../Core/Inc/LCD_Blio.h:180:13:LCD_Write_Char	24	static
../Core/Inc/LCD_Blio.h:196:6:LCD_Write_String	16	static
../Core/Inc/LCD_Blio.h:222:6:LCD_Display_ON	8	static
../Core/Inc/LCD_Blio.h:229:6:LCD_Display_OFF	8	static
../Core/Inc/LCD_Blio.h:236:6:LCD_Cursor_ON	8	static
../Core/Inc/LCD_Blio.h:243:6:LCD_Cursor_OFF	8	static
../Core/Inc/LCD_Blio.h:250:6:LCD_Blink_ON	8	static
../Core/Inc/LCD_Blio.h:257:6:LCD_Blink_OFF	8	static
../Core/Inc/LCD_Blio.h:264:6:LCD_SHL	8	static
../Core/Inc/LCD_Blio.h:271:6:LCD_SHR	8	static
../Core/Inc/AtvvAvaliativaOne.h:13:6:frequencia	40	static
../Core/Inc/AtvvAvaliativaOne.h:31:6:beep	32	static
../Core/Inc/AtvvAvaliativaOne.h:39:6:piscar_led	16	static
../Core/Inc/AtvvAvaliativaOne.h:44:6:semaforo_pedestre	24	static
../Core/Inc/AtvvAvaliativaOne.h:67:6:semaforo	24	static
../Core/Inc/AtvvAvaliativaOne.h:86:6:EXTI0_IRQHandler	8	static
../Core/Inc/AtvvAvaliativaOne.h:94:6:EXTI1_IRQHandler	8	static
../Core/Inc/AtvvAvaliativaOne.h:102:6:EXTI2_IRQHandler	8	static
../Core/Inc/AtvvAvaliativaOne.h:120:6:EXTI3_IRQHandler	8	static
../Core/Inc/AtvvAvaliativaOne.h:125:6:EXTI4_IRQHandler	8	static
../Core/Inc/AtvvAvaliativaOne.h:131:6:servomotor	32	static
../Core/Inc/AtvvAvaliativaOne.h:147:6:questao1	8	static
../Core/Inc/AtvvAvaliativaOne.h:161:6:questao3	16	static
../Core/Inc/AtvvAvaliativaOne.h:178:6:questao5	16	static
../Core/Inc/AtvvAvaliativaOne.h:196:6:questao7	16	static
../Core/Inc/AtvvAvaliativaOne.h:218:6:questao8	16	static
../Core/Inc/AtvvAvaliativaOne.h:262:6:questao9	8	static
../Core/Inc/AtvvAvaliativaOne.h:295:6:questao10	8	static
../Core/Inc/AtvvAvaliativaOne.h:330:6:questao11	88	static
../Core/Inc/AtvvAvaliativaOne.h:376:6:questao12	64	static
../Core/Inc/AtvvAvaliativaOne.h:402:6:questao13	16	static
../Core/Inc/AtvvAvaliativaOne.h:427:6:questao15	8	static
../Core/Inc/AtvvAvaliativaOne.h:443:6:questao17	8	static
../Core/Inc/AtvvAvaliativaOne.h:475:6:questao19	104	static
../Core/Inc/BibUSTM32.h:8:6:escalaMusical	16	static
../Core/Inc/BibUSTM32.h:30:6:servo	32	static
../Core/Inc/BibUSTM32.h:47:6:PWM_LED	24	static
../Core/Inc/BibUSTM32.h:78:6:interrupcao	8	static
../Core/Src/main.c:62:6:aula_09_09	8	static
../Core/Src/main.c:93:6:aula_11_09	8	static
../Core/Src/main.c:129:6:rotina	16	static
../Core/Src/main.c:138:6:rotina_secundaria	16	static
../Core/Src/main.c:148:6:mudar_prioridade	8	static
../Core/Src/main.c:179:5:main	8	static
../Core/Src/main.c:233:6:SystemClock_Config	88	static
../Core/Src/main.c:279:13:MX_GPIO_Init	16	static
../Core/Src/main.c:301:6:Error_Handler	4	static,ignoring_inline_asm
